Testing Gemini Key: EXISTS (Length: 39)
Testing DeepSeek Key: EXISTS (Length: 35)

--- Testing Gemini ---
node : Gemini Failed: 
[GoogleGenerativeAI Error]: 
Error fetching from https://g
enerativelanguage.googleapis.
com/v1beta/models/gemini-1.5-
flash:generateContent: [400 
Bad Request] API key 
expired. Please renew the 
API key. [{"@type":"type.goog
leapis.com/google.rpc.ErrorIn
fo","reason":"API_KEY_INVALID
","domain":"googleapis.com","
metadata":{"service":"generat
ivelanguage.googleapis.com"}}
,{"@type":"type.googleapis.co
m/google.rpc.LocalizedMessage
","locale":"en-US","message":
"API key expired. Please 
renew the API key."}]
En línea: 1 Carácter: 1
+ node test-api-keys.js > 
test_output.txt 2>&1
+ ~~~~~~~~~~~~~~~~~~~~~~~~~~~
~~~~~~~~~~~~~~~~~
    + CategoryInfo           
   : NotSpecified: (Gemini   
  Failed: ...the API key."   
 }]:String) [], RemoteExc    
eption
    + FullyQualifiedErrorId  
   : NativeCommandError
 

--- Testing DeepSeek ---
DeepSeek Failed: Request 
failed with status code 402
