
­ƒöì DIAGN├ôSTICO DE LLAVE (v4)
­ƒöæ Llave le├¡da del .env termina en: "...0Cq4"
   (Tu nueva llave deber├¡a terminar en "0Cq4")

­ƒôí Contactando a Google para ver qu├® modelos te permiten usar...
